[
  [
    "f",
    "e",
    "d",
    "c",
    "b",
    "a"
  ],
  [
    "f",
    "d",
    "c",
    "b",
    "a"
  ],
  [
    "f",
    "e",
    "d",
    "b",
    "a"
  ],
  [
    "f",
    "e",
    "d",
    "c",
    "a"
  ],
  [
    "f",
    "d",
    "b",
    "a"
  ],
  [
    "f",
    "d",
    "c",
    "a"
  ]
]
